
nie jest to cały wydruk z konsoli, gdyż musiałem ją resetować.

zakrz@WojtekLaptop MINGW64 ~
$ cd Onedrive/Pulpit/jeden/zdalne
bash: cd: Onedrive/Pulpit/jeden/zdalne: No such file or directory

zakrz@WojtekLaptop MINGW64 ~
$ cd Onedrive/Pulpit/jeden/kontrola/zdalne
bash: cd: Onedrive/Pulpit/jeden/kontrola/zdalne: No such file or directory

zakrz@WojtekLaptop MINGW64 ~
$ cd Onedrive

zakrz@WojtekLaptop MINGW64 ~/Onedrive
$ cd Pulpit

zakrz@WojtekLaptop MINGW64 ~/Onedrive/Pulpit
$ cd jeden
bash: cd: jeden: No such file or directory

zakrz@WojtekLaptop MINGW64 ~/Onedrive/Pulpit
$ cd pierwszy

zakrz@WojtekLaptop MINGW64 ~/Onedrive/Pulpit/pierwszy (master)
$ cd kontrola

zakrz@WojtekLaptop MINGW64 ~/Onedrive/Pulpit/pierwszy/kontrola (master)
$ cd zdalne
bash: cd: zdalne: No such file or directory

zakrz@WojtekLaptop MINGW64 ~/Onedrive/Pulpit/pierwszy/kontrola (master)
$ cd ..

zakrz@WojtekLaptop MINGW64 ~/Onedrive/Pulpit/pierwszy (master)
$ cd zdalne

zakrz@WojtekLaptop MINGW64 ~/Onedrive/Pulpit/pierwszy/zdalne (master)
$ git status
On branch master
Your branch is up to date with 'kontrola1/master'.

Changes to be committed:
  (use "git restore --staged <file>..." to unstage)
        new file:   prepos.txt


zakrz@WojtekLaptop MINGW64 ~/Onedrive/Pulpit/pierwszy/zdalne (master)
$ git commit -m "prepos.txt"
[master a42bd3d] prepos.txt
 1 file changed, 2 insertions(+)
 create mode 100644 zdalne/prepos.txt

zakrz@WojtekLaptop MINGW64 ~/Onedrive/Pulpit/pierwszy/zdalne (master)
$ git push
Enumerating objects: 5, done.
Counting objects: 100% (5/5), done.
Delta compression using up to 16 threads
Compressing objects: 100% (2/2), done.
Writing objects: 100% (4/4), 382 bytes | 382.00 KiB/s, done.
Total 4 (delta 0), reused 0 (delta 0), pack-reused 0
To https://github.com/wzakrzewski/kontrola1.git
   68c8054..a42bd3d  master -> master

zakrz@WojtekLaptop MINGW64 ~/Onedrive/Pulpit/pierwszy/zdalne (master)
$ cd ..

zakrz@WojtekLaptop MINGW64 ~/Onedrive/Pulpit/pierwszy (master)
$ cd ..

zakrz@WojtekLaptop MINGW64 ~/Onedrive/Pulpit
$ cd drugi

zakrz@WojtekLaptop MINGW64 ~/Onedrive/Pulpit/drugi (main)
$ git pull
remote: Enumerating objects: 5, done.
remote: Counting objects: 100% (5/5), done.
remote: Compressing objects: 100% (2/2), done.
remote: Total 4 (delta 0), reused 4 (delta 0), pack-reused 0
Unpacking objects: 100% (4/4), 362 bytes | 17.00 KiB/s, done.
From https://github.com/wzakrzewski/kontrola1
 * [new branch]      master     -> kontrola1/master
Already up to date.

zakrz@WojtekLaptop MINGW64 ~/Onedrive/Pulpit/drugi (main)
$ git status
On branch main
Your branch is up to date with 'kontrola1/main'.

Untracked files:
  (use "git add <file>..." to include in what will be committed)
        kontrola/toignore.txt

nothing added to commit but untracked files present (use "git add" to track)

zakrz@WojtekLaptop MINGW64 ~/Onedrive/Pulpit/drugi (main)
$ ^C

zakrz@WojtekLaptop MINGW64 ~/Onedrive/Pulpit/drugi (main)
$ touch .gitignore

zakrz@WojtekLaptop MINGW64 ~/Onedrive/Pulpit/drugi (main)
$ git status
On branch main
Your branch is up to date with 'kontrola1/main'.

Untracked files:
  (use "git add <file>..." to include in what will be committed)
        .gitignore

nothing added to commit but untracked files present (use "git add" to track)

zakrz@WojtekLaptop MINGW64 ~/Onedrive/Pulpit/drugi (main)
$ git add .gitignore

zakrz@WojtekLaptop MINGW64 ~/Onedrive/Pulpit/drugi (main)
$ git status
On branch main
Your branch is up to date with 'kontrola1/main'.

Changes to be committed:
  (use "git restore --staged <file>..." to unstage)
        new file:   .gitignore


zakrz@WojtekLaptop MINGW64 ~/Onedrive/Pulpit/drugi (main)
$ cd kontrola

zakrz@WojtekLaptop MINGW64 ~/Onedrive/Pulpit/drugi/kontrola (main)
$ git status
On branch main
Your branch is up to date with 'kontrola1/main'.

Changes to be committed:
  (use "git restore --staged <file>..." to unstage)
        new file:   ../.gitignore


zakrz@WojtekLaptop MINGW64 ~/Onedrive/Pulpit/drugi/kontrola (main)
$ ^C

zakrz@WojtekLaptop MINGW64 ~/Onedrive/Pulpit/drugi/kontrola (main)
$ cd ..

zakrz@WojtekLaptop MINGW64 ~/Onedrive/Pulpit/drugi (main)
$ cd zdalne

zakrz@WojtekLaptop MINGW64 ~/Onedrive/Pulpit/drugi/zdalne (main)
$ touch jeden.pdf

zakrz@WojtekLaptop MINGW64 ~/Onedrive/Pulpit/drugi/zdalne (main)
$ touch dwa.txt

zakrz@WojtekLaptop MINGW64 ~/Onedrive/Pulpit/drugi/zdalne (main)
$ touch trzy.png

zakrz@WojtekLaptop MINGW64 ~/Onedrive/Pulpit/drugi/zdalne (main)
$ git status
On branch main
Your branch is up to date with 'kontrola1/main'.

Changes to be committed:
  (use "git restore --staged <file>..." to unstage)
        new file:   ../.gitignore

Untracked files:
  (use "git add <file>..." to include in what will be committed)
        dwa.txt
        jeden.pdf
        trzy.png


zakrz@WojtekLaptop MINGW64 ~/Onedrive/Pulpit/drugi/zdalne (main)
$ cd ..

zakrz@WojtekLaptop MINGW64 ~/Onedrive/Pulpit/drugi (main)
$ git add .gitignore

zakrz@WojtekLaptop MINGW64 ~/Onedrive/Pulpit/drugi (main)
$ git commit -m "ignorowane"
[main 213b12a] ignorowane
 1 file changed, 3 insertions(+)
 create mode 100644 .gitignore

zakrz@WojtekLaptop MINGW64 ~/Onedrive/Pulpit/drugi (main)
$ touch test.pdf

zakrz@WojtekLaptop MINGW64 ~/Onedrive/Pulpit/drugi (main)
$ touch test.png

zakrz@WojtekLaptop MINGW64 ~/Onedrive/Pulpit/drugi (main)
$ git status
On branch main
Your branch is ahead of 'kontrola1/main' by 1 commit.
  (use "git push" to publish your local commits)

Untracked files:
  (use "git add <file>..." to include in what will be committed)
        zdalne/dwa.txt

nothing added to commit but untracked files present (use "git add" to track)

zakrz@WojtekLaptop MINGW64 ~/Onedrive/Pulpit/drugi (main)
$ git remove dwa.txt
git: 'remove' is not a git command. See 'git --help'.

The most similar command is
        remote

zakrz@WojtekLaptop MINGW64 ~/Onedrive/Pulpit/drugi (main)
$ rm dwa.txt
rm: cannot remove 'dwa.txt': No such file or directory

zakrz@WojtekLaptop MINGW64 ~/Onedrive/Pulpit/drugi (main)
$ ls
README.md  kontrola/  test.pdf  test.png  zdalne/

zakrz@WojtekLaptop MINGW64 ~/Onedrive/Pulpit/drugi (main)
$ cd zdalne

zakrz@WojtekLaptop MINGW64 ~/Onedrive/Pulpit/drugi/zdalne (main)
$ rm dwa.txt

zakrz@WojtekLaptop MINGW64 ~/Onedrive/Pulpit/drugi/zdalne (main)
$ git status
On branch main
Your branch is ahead of 'kontrola1/main' by 1 commit.
  (use "git push" to publish your local commits)

nothing to commit, working tree clean

zakrz@WojtekLaptop MINGW64 ~/Onedrive/Pulpit/drugi/zdalne (main)
$ git commit -m "usuwanie"
On branch main
Your branch is ahead of 'kontrola1/main' by 1 commit.
  (use "git push" to publish your local commits)

nothing to commit, working tree clean

zakrz@WojtekLaptop MINGW64 ~/Onedrive/Pulpit/drugi/zdalne (main)
$ ls
jeden.pdf  repos.txt  trzy.png

zakrz@WojtekLaptop MINGW64 ~/Onedrive/Pulpit/drugi/zdalne (main)
$ git status
On branch main
Your branch is ahead of 'kontrola1/main' by 1 commit.
  (use "git push" to publish your local commits)

nothing to commit, working tree clean

zakrz@WojtekLaptop MINGW64 ~/Onedrive/Pulpit/drugi/zdalne (main)
$ touch merge.txt

zakrz@WojtekLaptop MINGW64 ~/Onedrive/Pulpit/drugi/zdalne (main)
$ git add merge.txt

zakrz@WojtekLaptop MINGW64 ~/Onedrive/Pulpit/drugi/zdalne (main)
$ git commit -m "merge.txt"
[main 173e7e9] merge.txt
 1 file changed, 1 insertion(+)
 create mode 100644 zdalne/merge.txt

zakrz@WojtekLaptop MINGW64 ~/Onedrive/Pulpit/drugi/zdalne (main)
$ git push
Enumerating objects: 9, done.
Counting objects: 100% (9/9), done.
Delta compression using up to 16 threads
Compressing objects: 100% (5/5), done.
Writing objects: 100% (7/7), 675 bytes | 337.00 KiB/s, done.
Total 7 (delta 1), reused 0 (delta 0), pack-reused 0
remote: Resolving deltas: 100% (1/1), done.
To https://github.com/wzakrzewski/kontrola1.git
   4568125..173e7e9  main -> main

zakrz@WojtekLaptop MINGW64 ~/Onedrive/Pulpit/drugi/zdalne (main)
$ cd ..

zakrz@WojtekLaptop MINGW64 ~/Onedrive/Pulpit/drugi (main)
$ cd ..

zakrz@WojtekLaptop MINGW64 ~/Onedrive/Pulpit
$ cd pierwszy

zakrz@WojtekLaptop MINGW64 ~/Onedrive/Pulpit/pierwszy (master)
$ cd kontrola

zakrz@WojtekLaptop MINGW64 ~/Onedrive/Pulpit/pierwszy/kontrola (master)
$ cd zdalne
bash: cd: zdalne: No such file or directory

zakrz@WojtekLaptop MINGW64 ~/Onedrive/Pulpit/pierwszy/kontrola (master)
$ git checkout main
Switched to branch 'main'
Your branch is up to date with 'kontrola1/main'.

zakrz@WojtekLaptop MINGW64 ~/Onedrive/Pulpit/pierwszy/kontrola (main)
$ cd zdalne
bash: cd: zdalne: No such file or directory

zakrz@WojtekLaptop MINGW64 ~/Onedrive/Pulpit/pierwszy/kontrola (main)
$ git checkout master
Switched to branch 'master'
Your branch is up to date with 'kontrola1/master'.

zakrz@WojtekLaptop MINGW64 ~/Onedrive/Pulpit/pierwszy/kontrola (master)
$ cd ..

zakrz@WojtekLaptop MINGW64 ~/Onedrive/Pulpit/pierwszy (master)
$ cd zdalne

zakrz@WojtekLaptop MINGW64 ~/Onedrive/Pulpit/pierwszy/zdalne (master)
$ touch merge2.txt

zakrz@WojtekLaptop MINGW64 ~/Onedrive/Pulpit/pierwszy/zdalne (master)
$ git add merge2.txt

zakrz@WojtekLaptop MINGW64 ~/Onedrive/Pulpit/pierwszy/zdalne (master)
$ git commit -m "nowy plik"
[master efb649e] nowy plik
 1 file changed, 1 insertion(+)
 create mode 100644 zdalne/merge2.txt

zakrz@WojtekLaptop MINGW64 ~/Onedrive/Pulpit/pierwszy/zdalne (master)
$ git push
Enumerating objects: 6, done.
Counting objects: 100% (6/6), done.
Delta compression using up to 16 threads
Compressing objects: 100% (3/3), done.
Writing objects: 100% (4/4), 349 bytes | 349.00 KiB/s, done.
Total 4 (delta 1), reused 0 (delta 0), pack-reused 0
remote: Resolving deltas: 100% (1/1), completed with 1 local object.
To https://github.com/wzakrzewski/kontrola1.git
   a42bd3d..efb649e  master -> master

zakrz@WojtekLaptop MINGW64 ~/Onedrive/Pulpit/pierwszy/zdalne (master)
$ git pull
remote: Enumerating objects: 9, done.
remote: Counting objects: 100% (9/9), done.
remote: Compressing objects: 100% (4/4), done.
remote: Total 7 (delta 1), reused 7 (delta 1), pack-reused 0
Unpacking objects: 100% (7/7), 655 bytes | 21.00 KiB/s, done.
From https://github.com/wzakrzewski/kontrola1
   4568125..173e7e9  main       -> kontrola1/main
Already up to date.

zakrz@WojtekLaptop MINGW64 ~/Onedrive/Pulpit/pierwszy/zdalne (master)
$ git push
Everything up-to-date

zakrz@WojtekLaptop MINGW64 ~/Onedrive/Pulpit/pierwszy/zdalne (master)
$
